negation canaries: 91 functional clauses, 91 already done, 0 to run, 2 workers, 6m0s budget each

SITE                               MEMBER                     VERDICT      SECONDS CONTROL    CLAUSE
internal/clock/clock.go:26         New                        REFUTABLE       19.4 -          l != nil
internal/clock/clock.go:35         NewAt                      REFUTABLE       19.0 -          l != nil
internal/clock/clock.go:52         (*Logical).Now             REFUTABLE       18.7 -          unfolding acc(l.LockP()) in result == l.now
internal/clock/clock.go:68         (*Logical).Tick            REFUTABLE       18.5 -          unfolding acc(l.LockP()) in l.now == old(unfolding acc(l.LockP()) in l.now) + 1
internal/dom/dom.go:24             (*selfFollowError).Error   REFUTABLE       22.8 -          e.IsDuplicableMem() == old(e.IsDuplicableMem())
internal/dom/dom.go:77             NewFollow                  REFUTABLE       22.2 -          from == to ==> (err == ErrSelfFollow && f == Follow{})
internal/dom/dom.go:78             NewFollow                  REFUTABLE       23.4 -          from != to ==> (err == nil && f == Follow{From: from, To: to})
internal/dom/dom.go:113            (*invalidHandleError).Error REFUTABLE       23.3 -          e.IsDuplicableMem() == old(e.IsDuplicableMem())
internal/dom/dom.go:137            (*invalidTextError).Error  REFUTABLE       23.4 -          e.IsDuplicableMem() == old(e.IsDuplicableMem())
internal/dom/dom.go:197            ValidHandle                REFUTABLE       24.8 -          result ==> (len(h) > 0 && len(h) <= MaxHandleLen)
internal/dom/dom.go:224            ValidText                  REFUTABLE       25.3 -          result ==> (len(t) >= MinTextLen && len(t) <= MaxTextLen)
internal/ids/ids.go:18             New                        REFUTABLE       19.1 -          g != nil
internal/ids/ids.go:27             NewAt                      REFUTABLE       18.0 -          g != nil
internal/ids/ids.go:55             (*Generator).Next          REFUTABLE       20.0 -          result == old(unfolding acc(g.LockP()) in g.next)
internal/ids/ids.go:56             (*Generator).Next          REFUTABLE       18.0 -          unfolding acc(g.LockP()) in g.next == result + 1
internal/ids/ids.go:57             (*Generator).Next          REFUTABLE       17.4 -          result >= 1
internal/service/service.go:82     New                        REFUTABLE       18.7 -          s != nil
internal/service/service.go:83     New                        REFUTABLE       18.4 -          s.AbsUsers() == set[string]{}
internal/service/service.go:84     New                        REFUTABLE       18.9 -          s.AbsFollows() == set[dom.Follow]{}
internal/service/service.go:85     New                        REFUTABLE       19.8 -          s.AbsLogLen() == 0
internal/service/service.go:143    (*Service).CreateUser      REFUTABLE       19.0 -          s.AbsFollows() == old(s.AbsFollows())
internal/service/service.go:144    (*Service).CreateUser      REFUTABLE       18.5 -          s.AbsLogLen() == old(s.AbsLogLen())
internal/service/service.go:145    (*Service).CreateUser      REFUTABLE       18.5 -          s.AbsUsers() == old(s.AbsUsers()) || s.AbsUsers() == old(s.AbsUsers()) union se…
internal/service/service.go:147    (*Service).CreateUser      REFUTABLE       19.0 -          (handle in old(s.AbsUsers())) ==> s.AbsUsers() == old(s.AbsUsers())
internal/service/service.go:229    (*Service).Follow          REFUTABLE       18.8 -          s.AbsUsers() == old(s.AbsUsers())
internal/service/service.go:230    (*Service).Follow          REFUTABLE       19.0 -          s.AbsLogLen() == old(s.AbsLogLen())
internal/service/service.go:231    (*Service).Follow          REFUTABLE       19.1 -          s.AbsFollows() == old(s.AbsFollows()) || s.AbsFollows() == old(s.AbsFollows()) …
internal/service/service.go:233    (*Service).Follow          REFUTABLE       18.9 -          from == to ==> s.AbsFollows() == old(s.AbsFollows())
internal/service/service.go:234    (*Service).Follow          REFUTABLE       18.8 -          !(from in old(s.AbsUsers())) ==> s.AbsFollows() == old(s.AbsFollows())
internal/service/service.go:235    (*Service).Follow          REFUTABLE       19.9 -          !(to in old(s.AbsUsers())) ==> s.AbsFollows() == old(s.AbsFollows())
internal/service/service.go:311    (*Service).Unfollow        REFUTABLE       19.6 -          s.AbsUsers() == old(s.AbsUsers())
internal/service/service.go:312    (*Service).Unfollow        REFUTABLE       25.8 -          s.AbsLogLen() == old(s.AbsLogLen())
internal/service/service.go:313    (*Service).Unfollow        REFUTABLE       27.3 -          s.AbsFollows() == old(s.AbsFollows()) || s.AbsFollows() == old(s.AbsFollows()) …
internal/service/service.go:315    (*Service).Unfollow        REFUTABLE       19.1 -          !(from in old(s.AbsUsers())) ==> s.AbsFollows() == old(s.AbsFollows())
internal/service/service.go:316    (*Service).Unfollow        REFUTABLE       26.6 -          !(to in old(s.AbsUsers())) ==> s.AbsFollows() == old(s.AbsFollows())
internal/service/service.go:386    (*Service).PostTweet       REFUTABLE       26.5 -          s.AbsUsers() == old(s.AbsUsers())
internal/service/service.go:387    (*Service).PostTweet       REFUTABLE       26.1 -          s.AbsFollows() == old(s.AbsFollows())
internal/service/service.go:388    (*Service).PostTweet       REFUTABLE       25.4 -          s.AbsLogLen() == old(s.AbsLogLen()) || s.AbsLogLen() == old(s.AbsLogLen()) + 1
internal/service/service.go:390    (*Service).PostTweet       REFUTABLE       25.4 -          !(author in old(s.AbsUsers())) ==> s.AbsLogLen() == old(s.AbsLogLen())
internal/service/service.go:391    (*Service).PostTweet       REFUTABLE       26.0 -          forall k int :: 0 <= k && k < old(s.AbsLogLen()) ==> s.AbsLogAt(k) == old(s.Abs…
internal/service/service.go:455    (*Service).HomeTimeline    REFUTABLE       26.9 -          len(out) <= limit
internal/service/service.go:463    (*Service).HomeTimeline    REFUTABLE       26.0 -          forall a, b int :: 0 <= a && a < b && b < len(out) ==> (out[a].CreatedAt > out[…
internal/service/service.go:466    (*Service).HomeTimeline    REFUTABLE       26.3 -          forall a int :: 0 <= a && a < len(out) ==> (out[a].Author == user || (dom.Follo…
internal/service/service.go:469    (*Service).HomeTimeline    REFUTABLE       25.7 -          cursor > 0 ==> forall a int :: 0 <= a && a < len(out) ==> out[a].ID < cursor
internal/service/service.go:487    (*Service).HomeTimeline    REFUTABLE       25.8 -          s.AbsUsers() == old(s.AbsUsers())
internal/service/service.go:488    (*Service).HomeTimeline    REFUTABLE       22.9 -          s.AbsFollows() == old(s.AbsFollows())
internal/service/service.go:489    (*Service).HomeTimeline    REFUTABLE       46.3 -          s.AbsLogLen() == old(s.AbsLogLen())
internal/store/memstore.go:97      New                        REFUTABLE       98.3 -          s != nil
internal/store/memstore.go:98      New                        REFUTABLE       89.9 -          s.AbsUsers() == set[string]{}
internal/store/memstore.go:99      New                        REFUTABLE       89.2 -          s.AbsFollows() == set[dom.Follow]{}
internal/store/memstore.go:100     New                        REFUTABLE       88.2 -          s.AbsLogLen() == 0
internal/store/memstore.go:136     (*MemStore).PutUser        REFUTABLE       88.9 -          !(u.Handle in old(s.AbsUsers())) ==> err == nil
internal/store/memstore.go:137     (*MemStore).PutUser        REFUTABLE       90.0 -          !(u.Handle in old(s.AbsUsers())) ==> s.AbsUsers() == old(s.AbsUsers()) union se…
internal/store/memstore.go:139     (*MemStore).PutUser        REFUTABLE       53.6 -          (u.Handle in old(s.AbsUsers())) ==> s.AbsUsers() == old(s.AbsUsers())
internal/store/memstore.go:140     (*MemStore).PutUser        REFUTABLE       63.2 -          s.AbsFollows() == old(s.AbsFollows())
internal/store/memstore.go:141     (*MemStore).PutUser        REFUTABLE       61.8 -          s.AbsLogLen() == old(s.AbsLogLen())
internal/store/memstore.go:163     (*MemStore).HasUser        REFUTABLE       51.5 -          result == (handle in s.AbsUsers())
internal/store/memstore.go:164     (*MemStore).HasUser        REFUTABLE       54.6 -          s.AbsUsers() == old(s.AbsUsers())
internal/store/memstore.go:165     (*MemStore).HasUser        REFUTABLE       47.8 -          s.AbsFollows() == old(s.AbsFollows())
internal/store/memstore.go:166     (*MemStore).HasUser        REFUTABLE       50.1 -          s.AbsLogLen() == old(s.AbsLogLen())
internal/store/memstore.go:167     (*MemStore).HasUser        REFUTABLE       49.0 -          forall k int :: 0 <= k && k < old(s.AbsLogLen()) ==> s.AbsLogAt(k) == old(s.Abs…
internal/store/memstore.go:194     (*MemStore).PutFollow      REFUTABLE       50.4 -          s.AbsUsers() == old(s.AbsUsers())
internal/store/memstore.go:195     (*MemStore).PutFollow      REFUTABLE       47.2 -          (f.From in old(s.AbsUsers())) && (f.To in old(s.AbsUsers())) ==> err == nil
internal/store/memstore.go:196     (*MemStore).PutFollow      REFUTABLE       47.8 -          (f.From in old(s.AbsUsers())) && (f.To in old(s.AbsUsers())) ==> s.AbsFollows()…
internal/store/memstore.go:198     (*MemStore).PutFollow      REFUTABLE       56.0 -          !((f.From in old(s.AbsUsers())) && (f.To in old(s.AbsUsers()))) ==> s.AbsFollow…
internal/store/memstore.go:200     (*MemStore).PutFollow      REFUTABLE       47.7 -          s.AbsLogLen() == old(s.AbsLogLen())
internal/store/memstore.go:230     (*MemStore).DeleteFollow   REFUTABLE       49.1 -          s.AbsUsers() == old(s.AbsUsers())
internal/store/memstore.go:231     (*MemStore).DeleteFollow   REFUTABLE       49.1 -          s.AbsFollows() == old(s.AbsFollows()) setminus set[dom.Follow]{dom.Follow{From:…
internal/store/memstore.go:233     (*MemStore).DeleteFollow   REFUTABLE       49.2 -          s.AbsLogLen() == old(s.AbsLogLen())
internal/store/memstore.go:289     (*MemStore).Follows        REFUTABLE       53.6 -          result == (dom.Follow{From: from, To: to} in s.AbsFollows())
internal/store/memstore.go:290     (*MemStore).Follows        REFUTABLE       47.1 -          s.AbsFollows() == old(s.AbsFollows())
internal/store/memstore.go:291     (*MemStore).Follows        REFUTABLE       42.9 -          s.AbsUsers() == old(s.AbsUsers())
internal/store/memstore.go:292     (*MemStore).Follows        REFUTABLE       43.5 -          s.AbsLogLen() == old(s.AbsLogLen())
internal/store/memstore.go:339     (*MemStore).PutTweet       REFUTABLE       45.0 -          s.AbsUsers() == old(s.AbsUsers())
internal/store/memstore.go:340     (*MemStore).PutTweet       REFUTABLE       46.0 -          s.AbsFollows() == old(s.AbsFollows())
internal/store/memstore.go:341     (*MemStore).PutTweet       REFUTABLE       42.8 -          s.AbsLogLen() >= old(s.AbsLogLen())
internal/store/memstore.go:342     (*MemStore).PutTweet       REFUTABLE       44.3 -          forall k int :: 0 <= k && k < old(s.AbsLogLen()) ==> s.AbsLogAt(k) == old(s.Abs…
internal/store/memstore.go:344     (*MemStore).PutTweet       REFUTABLE       68.3 -          old(s.AbsAcceptsTweet(t)) ==> err == nil
internal/store/memstore.go:345     (*MemStore).PutTweet       REFUTABLE       60.1 -          old(s.AbsAcceptsTweet(t)) ==> s.AbsLogLen() == old(s.AbsLogLen()) + 1
internal/store/memstore.go:346     (*MemStore).PutTweet       REFUTABLE       83.3 -          old(s.AbsAcceptsTweet(t)) ==> s.AbsLogAt(old(s.AbsLogLen())) == t
internal/store/memstore.go:347     (*MemStore).PutTweet       REFUTABLE       40.6 -          !old(s.AbsAcceptsTweet(t)) ==> s.AbsLogLen() == old(s.AbsLogLen())
internal/store/memstore.go:527     (*MemStore).HomeTimeline   REFUTABLE      105.6 VACUOUS    len(out) <= limit
internal/store/memstore.go:528     (*MemStore).HomeTimeline   REFUTABLE      490.3 -          forall a, b int :: 0 <= a && a < b && b < len(out) ==> (out[a].CreatedAt > out[…
internal/store/memstore.go:531     (*MemStore).HomeTimeline   REFUTABLE      464.0 VACUOUS    forall a int :: 0 <= a && a < len(out) ==> (out[a].Author == user || (dom.Follo…
internal/store/memstore.go:534     (*MemStore).HomeTimeline   REFUTABLE       97.7 VACUOUS    cursor > 0 ==> forall a int :: 0 <= a && a < len(out) ==> out[a].ID < cursor
internal/store/memstore.go:535     (*MemStore).HomeTimeline   REFUTABLE      369.0 VACUOUS    forall a int :: 0 <= a && a < len(out) ==> exists i int :: 0 <= i && i < s.AbsL…
internal/store/memstore.go:537     (*MemStore).HomeTimeline   REFUTABLE      637.2 VACUOUS    !more ==> forall k int :: 0 <= k && k < s.AbsLogLen() && (cursor <= 0 || s.AbsL…
internal/store/memstore.go:542     (*MemStore).HomeTimeline   REFUTABLE      138.5 VACUOUS    s.AbsUsers() == old(s.AbsUsers())
internal/store/memstore.go:543     (*MemStore).HomeTimeline   REFUTABLE      709.4 VACUOUS    s.AbsFollows() == old(s.AbsFollows())
internal/store/memstore.go:544     (*MemStore).HomeTimeline   REFUTABLE       39.6 VACUOUS    s.AbsLogLen() == old(s.AbsLogLen())
internal/store/memstore.go:775     isMonotoneLog              REFUTABLE       45.4 -          ok ==> forall i, j int :: 0 <= i && i < j && j < len(xs) ==> xs[i].ID < xs[j].I…

91 clauses: 91 refutable, 0 VACUOUS, 0 timed out, 0 ill-formed

full results: evidence/runs/gobra/negation-canaries.json
