calibrate: 43 mutant(s) x 3 rung(s) = 129 cells
           rungs=R0,R1,R2  out=/home/user/twitter-port-matrix/evidence/runs/independent-catalogue/r0r2  resume=false
==============================================================================
  floor go        462 ms/launch  (3 samples, spread 447-476 ms)
  floor rust       97 ms/launch  (3 samples, spread 95-102 ms)
  floor java     1012 ms/launch  (3 samples, spread 972-1042 ms)
  floor kotlin   8929 ms/launch  (3 samples, spread 8817-9098 ms)
------------------------------------------------------------------------------

go/handle-bound-off-by-one   3e09c71e694e  boundary
  guard    5/5 checks: go@handle-bound-off-by-one -> /tmp/calibrate-mutant-4290013453/tree (baseline go is a different tree)
  setup    apply 0.0s (walk copy) + warm build 0.6s -- charged to no rung
  R0       survived      0.6s  R0 PASSED: every step matches S_obs byte-for-byte
  R1       survived     11.1s  R1 PASSED: 4000 requests per implementation, zero unexplai...
  R2       survived     27.4s  R2 PASSED: every relation holds on every generated state
  probe    live, reached by witness  (1.6s)

go/limit-bound-off-by-one    52bdd833e50f  boundary
  guard    5/5 checks: go@limit-bound-off-by-one -> /tmp/calibrate-mutant-126842147/tree (baseline go is a different tree)
  setup    apply 0.0s (walk copy) + warm build 0.6s -- charged to no rung
  R0       survived      0.5s  R0 PASSED: every step matches S_obs byte-for-byte
  R1       survived     10.6s  R1 PASSED: 4000 requests per implementation, zero unexplai...
  R2       killed       28.4s  R2 FAILED
  probe    live, reached by witness  (1.9s)

go/text-rejects-space        a2172ad7a49f  boundary
  guard    5/5 checks: go@text-rejects-space -> /tmp/calibrate-mutant-101478365/tree (baseline go is a different tree)
  setup    apply 0.0s (walk copy) + warm build 0.6s -- charged to no rung
  R0       killed        0.5s  R0 FAILED: 13 step(s) disagree with S_obs
  R1       killed        5.1s  R1 FAILED: at least one implementation diverges from S_obs
  R2       survived     29.5s  R2 PASSED: every relation holds on every generated state
  probe    live, reached by witness, corpus, seed=1, seed=2, seed=3, seed=4  (1.4s)

go/timeline-drops-oldest     d8327769ff03  collection-bound
  guard    5/5 checks: go@timeline-drops-oldest -> /tmp/calibrate-mutant-2891973695/tree (baseline go is a different tree)
  setup    apply 0.0s (walk copy) + warm build 0.6s -- charged to no rung
  R0       killed        0.5s  R0 FAILED: 6 step(s) disagree with S_obs
  R1       killed       13.9s  R1 FAILED: at least one implementation diverges from S_obs
  R2       survived     30.1s  R2 PASSED: every relation holds on every generated state
  probe    live, reached by witness, corpus, seed=1, seed=2, seed=3, seed=4  (1.6s)

go/visibility-args-swapped   8c8a1c1f7f2a  swapped-arguments
  guard    5/5 checks: go@visibility-args-swapped -> /tmp/calibrate-mutant-919928835/tree (baseline go is a different tree)
  setup    apply 0.0s (walk copy) + warm build 0.6s -- charged to no rung
  R0       killed        0.5s  R0 FAILED: 6 step(s) disagree with S_obs
  R1       killed       17.7s  R1 FAILED: at least one implementation diverges from S_obs
  R2       killed       30.6s  R2 FAILED

go/visibility-negation-dropped 52a77143c8cf  dropped-negation
  guard    5/5 checks: go@visibility-negation-dropped -> /tmp/calibrate-mutant-4127814432/tree (baseline go is a different tree)
  setup    apply 0.0s (walk copy) + warm build 0.6s -- charged to no rung
  R0       killed        0.5s  R0 FAILED: 7 step(s) disagree with S_obs
  R1       killed       11.8s  R1 FAILED: at least one implementation diverges from S_obs
  R2       killed       29.1s  R2 FAILED

go/wrong-error-branch-cursor 83c994722b1b  wrong-error-branch
  guard    5/5 checks: go@wrong-error-branch-cursor -> /tmp/calibrate-mutant-969116859/tree (baseline go is a different tree)
  setup    apply 0.0s (walk copy) + warm build 0.7s -- charged to no rung
  R0       killed        0.5s  R0 FAILED: 1 step(s) disagree with S_obs
  R1       killed       15.9s  R1 FAILED: at least one implementation diverges from S_obs
  R2       survived     30.1s  R2 PASSED: every relation holds on every generated state
  probe    live, reached by witness, corpus, seed=1, seed=3, seed=4  (1.7s)

go/handle-case-folded        f511130ef597  normalisation
  guard    5/5 checks: go@handle-case-folded -> /tmp/calibrate-mutant-4147917590/tree (baseline go is a different tree)
  setup    apply 0.0s (walk copy) + warm build 0.7s -- charged to no rung
  R0       killed        0.6s  R0 FAILED: 3 step(s) disagree with S_obs
  R1       killed        6.2s  R1 FAILED: at least one implementation diverges from S_obs
  R2       survived     29.8s  R2 PASSED: every relation holds on every generated state
  probe    live, reached by witness, corpus, seed=2, seed=3, seed=4  (1.6s)

go/next-cursor-off-by-one    2f5e4e25336c  pagination
  guard    5/5 checks: go@next-cursor-off-by-one -> /tmp/calibrate-mutant-2319838794/tree (baseline go is a different tree)
  setup    apply 0.0s (walk copy) + warm build 0.6s -- charged to no rung
  R0       killed        0.5s  R0 FAILED: 1 step(s) disagree with S_obs
  R1       killed       44.5s  R1 FAILED: at least one implementation diverges from S_obs
  R2       killed       30.7s  R2 FAILED

go/text-length-in-code-points 7f26697d1bbf  encoding
  guard    5/5 checks: go@text-length-in-code-points -> /tmp/calibrate-mutant-1774014484/tree (baseline go is a different tree)
  setup    apply 0.0s (walk copy) + warm build 0.7s -- charged to no rung
  R0       survived      0.6s  R0 PASSED: every step matches S_obs byte-for-byte
  R1       survived     11.9s  R1 PASSED: 4000 requests per implementation, zero unexplai...
  R2       survived     30.0s  R2 PASSED: every relation holds on every generated state
  probe    live, reached by witness  (1.9s)

go/go-slice-len-aliasing     4dd34b51acb6  language-idiom
  guard    5/5 checks: go@go-slice-len-aliasing -> /tmp/calibrate-mutant-2817171249/tree (baseline go is a different tree)
  setup    apply 0.0s (walk copy) + warm build 0.6s -- charged to no rung
  R0       killed        0.5s  R0 FAILED: 8 step(s) disagree with S_obs
  R1       killed       10.3s  R1 FAILED: at least one implementation diverges from S_obs
  R2       killed       29.7s  R2 FAILED

rust/handle-bound-off-by-one 2147f4ccfc78  boundary
  guard    5/5 checks: rust@handle-bound-off-by-one -> /tmp/calibrate-mutant-4206891471/tree (baseline rust is a different tree)
  setup    apply 0.0s (walk copy) + warm build 29.1s -- charged to no rung
  R0       survived      0.2s  R0 PASSED: every step matches S_obs byte-for-byte
  R1       survived      3.3s  R1 PASSED: 4000 requests per implementation, zero unexplai...
  R2       survived      7.5s  R2 PASSED: every relation holds on every generated state
  probe    live, reached by witness  (28.0s)

rust/limit-bound-off-by-one  6b47d580da71  boundary
  guard    5/5 checks: rust@limit-bound-off-by-one -> /tmp/calibrate-mutant-4140773739/tree (baseline rust is a different tree)
  setup    apply 0.0s (walk copy) + warm build 25.7s -- charged to no rung
  R0       survived      0.1s  R0 PASSED: every step matches S_obs byte-for-byte
  R1       survived      3.6s  R1 PASSED: 4000 requests per implementation, zero unexplai...
  R2       killed        7.7s  R2 FAILED
  probe    live, reached by witness  (27.0s)

rust/text-rejects-space      94d87503f23c  boundary
  guard    5/5 checks: rust@text-rejects-space -> /tmp/calibrate-mutant-4128569191/tree (baseline rust is a different tree)
  setup    apply 0.0s (walk copy) + warm build 26.9s -- charged to no rung
  R0       killed        0.1s  R0 FAILED: 13 step(s) disagree with S_obs
  R1       killed        1.4s  R1 FAILED: at least one implementation diverges from S_obs
  R2       survived      7.5s  R2 PASSED: every relation holds on every generated state
  probe    live, reached by witness, corpus, seed=1, seed=2, seed=3, seed=4  (27.7s)

rust/timeline-drops-oldest   71a1f8862f1b  collection-bound
  guard    5/5 checks: rust@timeline-drops-oldest -> /tmp/calibrate-mutant-114724726/tree (baseline rust is a different tree)
  setup    apply 0.0s (walk copy) + warm build 26.4s -- charged to no rung
  R0       killed        0.2s  R0 FAILED: 6 step(s) disagree with S_obs
  R1       killed        3.4s  R1 FAILED: at least one implementation diverges from S_obs
  R2       survived      7.6s  R2 PASSED: every relation holds on every generated state
  probe    live, reached by witness, corpus, seed=1, seed=2, seed=3, seed=4  (29.5s)

rust/visibility-args-swapped 3ed75ace2f5d  swapped-arguments
  guard    5/5 checks: rust@visibility-args-swapped -> /tmp/calibrate-mutant-1495419434/tree (baseline rust is a different tree)
