F037 reproduction: the same clean impls/java tree, with the two getBytes-blocked
obligations o2a/o2b UNBLOCKED and nothing else changed. Build recipe: delete
`Blocked: getBytesReason` from the o2a and o2b entries of javaCorner in
tools/cmd/jbmc/obligations.go, rebuild, run. Reverted immediately after; the
committed table still blocks them.

jbmc: bounded proof rung over the java corner
        tree    /home/user/twitter-port-matrix/impls/java
        jbmc    6.11.0 (cbmc-6.11.0)
        javac   javac 21.0.10
        bounds  --unwind 30 --max-nondet-string-length 3, budget 25m0s (6m0s per obligation)
        compile src + verification in 1.4s
====================================================================================================
obligation                         verdict    own assertion goals      wall      JBMC's own line
----------------------------------------------------------------------------------------------------
o1a_oneCharAcceptSet               VERIFIED   1 ok, 0 failed           8.4s      VERIFICATION SUCCESSFUL
o1b_twoCharAcceptSet               VERIFIED   1 ok, 0 failed           9.6s      VERIFICATION SUCCESSFUL
o1c_emptyAndBareSignRejected       VERIFIED   3 ok, 0 failed           1.5s      VERIFICATION SUCCESSFUL
o2a_emptyIsInvalid                 REFUTED    1 ok, 1 failed           1.7s      VERIFICATION FAILED
o2b_goodHandleIsValid              REFUTED    0 ok, 1 failed           1.7s      VERIFICATION FAILED
o3a_idsStrictlyIncrease            VERIFIED   1 ok, 0 failed           1.8s      VERIFICATION SUCCESSFUL
o3b_createdAtNonDecreasing         VERIFIED   2 ok, 0 failed           1.7s      VERIFICATION SUCCESSFUL
o3c_lemmaOverThreeAppends          VERIFIED   2 ok, 0 failed           1.8s      VERIFICATION SUCCESSFUL
o5c_syntaxBeatsExistence           VERIFIED   1 ok, 0 failed           2.5s      VERIFICATION FAILED
----------------------------------------------------------------------------------------------------
negation canaries not run: 2 obligation(s) were refuted, which decides the tree on its own
====================================================================================================
decidable 9   VERIFIED 7   REFUTED 2   VACUOUS 0   UNDECIDED 0
blocked   6   (recorded JBMC 6.11.0 limits; in neither the numerator nor the denominator)
    JBMC exhausts memory on this instance ("SAT checker ran out of memory"); a bounded-model-checking scalability wall, not a modelling gap
        o4a_pageRespectsLimit, o5d_rejectionBurnsNoId
    JBMC's String.equals is unsound (`assert "abc".equals("abc")` is FAILURE, F014); every visibility and error-code comparison is undecidable
        o4b_cursorNullMeansExhausted, o4c_pageIsNewestFirst
    JBMC's String.getBytes(Charset) is nondeterministic (F014); the UTF-8 byte-length predicates are unreachable
        o5a_unknownBeatsSelfFollow, o5b_knownSelfFollowIsForbidden

R4 FAILED: JBMC refuted 2 of 9 decidable obligation(s) (2 of 14 own assertion goals FAILURE): o2a_emptyIsInvalid, o2b_goodHandleIsValid; 6 obligation(s) blocked by a recorded JBMC 6.11.0 limit (F014), in no denominator   [32.3s]
